prisma:error 
Invalid `prisma.user.findUnique()` invocation in
C:\Users\ruchi\SECURE USER AUTH SYSTEM\test.ts:5:36

  2 
  3 async function main() {
  4   try {
ΓåÆ 5     const user = await prisma.user.findUnique(
Can't reach database server at base
node.exe : Prisma Error Full Stack: PrismaClientKnownRequestError: 
At C:\nvm4w\nodejs\npx.ps1:29 char:3
+   & $NODE_EXE $NPX_CLI_JS $args
+   ~~~~~~~~~~~~~~~~~~~~~~~~~~~~~
    + CategoryInfo          : NotSpecified: (Prisma Error Fu...nRequestError: :String) [], RemoteException
    + FullyQualifiedErrorId : NativeCommandError
 
Invalid `prisma.user.findUnique()` invocation in
C:\Users\ruchi\SECURE USER AUTH SYSTEM\test.ts:5:36

  2 
  3 async function main() {
  4   try {
ΓåÆ 5     const user = await prisma.user.findUnique(
Can't reach database server at base
    at Gr.handleRequestError (C:\Users\ruchi\SECURE USER AUTH 
SYSTEM\node_modules\@prisma\client\src\runtime\RequestHandler.ts:237:13)
    at Gr.handleAndLogRequestError (C:\Users\ruchi\SECURE USER AUTH 
SYSTEM\node_modules\@prisma\client\src\runtime\RequestHandler.ts:183:12)
    at Gr.request (C:\Users\ruchi\SECURE USER AUTH 
SYSTEM\node_modules\@prisma\client\src\runtime\RequestHandler.ts:152:12)
    at process.processTicksAndRejections (node:internal/process/task_queues:105:5)
    at async a (C:\Users\ruchi\SECURE USER AUTH 
SYSTEM\node_modules\@prisma\client\src\runtime\getPrismaClient.ts:938:24)
    at async main (C:\Users\ruchi\SECURE USER AUTH SYSTEM\test.ts:5:18) {
  code: 'P1001',
  meta: {
    modelName: 'User',
    driverAdapterError: DriverAdapterError: DatabaseNotReachable
        at PrismaPgAdapter.onError (C:\Users\ruchi\SECURE USER AUTH 
SYSTEM\node_modules\@prisma\adapter-pg\dist\index.js:678:11)
        at PrismaPgAdapter.performIO (C:\Users\ruchi\SECURE USER AUTH 
SYSTEM\node_modules\@prisma\adapter-pg\dist\index.js:673:12)
        at process.processTicksAndRejections (node:internal/process/task_queues:105:5)
        at async PrismaPgAdapter.queryRaw (C:\Users\ruchi\SECURE USER AUTH 
SYSTEM\node_modules\@prisma\adapter-pg\dist\index.js:604:30)
        at async o (C:\Users\ruchi\SECURE USER AUTH 
SYSTEM\node_modules\@prisma\client-engine-runtime\src\tracing.ts:66:26)
        at async e.interpretNode (C:\Users\ruchi\SECURE USER AUTH 
SYSTEM\node_modules\@prisma\client-engine-runtime\src\interpreter\query-interpreter.ts:186:26)
        at async e.interpretNode (C:\Users\ruchi\SECURE USER AUTH 
SYSTEM\node_modules\@prisma\client-engine-runtime\src\interpreter\query-interpreter.ts:213:41)
        at async e.interpretNode (C:\Users\ruchi\SECURE USER AUTH 
SYSTEM\node_modules\@prisma\client-engine-runtime\src\interpreter\query-interpreter.ts:272:41)
        at async e.run (C:\Users\ruchi\SECURE USER AUTH 
SYSTEM\node_modules\@prisma\client-engine-runtime\src\interpreter\query-interpreter.ts:94:23)
        at async e.execute (C:\Users\ruchi\SECURE USER AUTH 
SYSTEM\node_modules\@prisma\client\src\runtime\core\engines\client\LocalExecutor.ts:81:12) {
      cause: [Object]
    }
  },
  clientVersion: '7.7.0'
}
